// Jest Snapshot v1, https://goo.gl/fbAQLP

exports[`1 No address 1`] = `<div />`;

exports[`2 No pending txs 1`] = `<div />`;

exports[`3 With pending txs 1`] = `
<div>
  <div
    class="MuiBox-root css-1jlsm2i"
  >
    <div
      class="MuiBox-root css-d6blzd"
    >
      <div
        class="MuiBox-root css-6duatm"
      >
        Confirm #24
        <a
          class="MuiBox-root css-1qif583"
          href="https://explorer.stacks.co/txid/0x1234?chain=mainnet"
          rel="noreferrer"
          target="_blank"
        >
          <svg
            aria-hidden="true"
            class="MuiSvgIcon-root MuiSvgIcon-fontSizeMedium css-1ej1pre-MuiSvgIcon-root"
            data-testid="OpenInNewIcon"
            focusable="false"
            viewBox="0 0 24 24"
          >
            <path
              d="M19 19H5V5h7V3H5c-1.11 0-2 .9-2 2v14c0 1.1.89 2 2 2h14c1.1 0 2-.9 2-2v-7h-2v7zM14 3v2h3.59l-9.83 9.83 1.41 1.41L19 6.41V10h2V3h-7z"
            />
          </svg>
        </a>
      </div>
      <div
        class="MuiBox-root css-6duatm"
      >
        Revoke #25
        <a
          class="MuiBox-root css-1qif583"
          href="https://explorer.stacks.co/txid/0x1234?chain=mainnet"
          rel="noreferrer"
          target="_blank"
        >
          <svg
            aria-hidden="true"
            class="MuiSvgIcon-root MuiSvgIcon-fontSizeMedium css-1ej1pre-MuiSvgIcon-root"
            data-testid="OpenInNewIcon"
            focusable="false"
            viewBox="0 0 24 24"
          >
            <path
              d="M19 19H5V5h7V3H5c-1.11 0-2 .9-2 2v14c0 1.1.89 2 2 2h14c1.1 0 2-.9 2-2v-7h-2v7zM14 3v2h3.59l-9.83 9.83 1.41 1.41L19 6.41V10h2V3h-7z"
            />
          </svg>
        </a>
      </div>
      <div
        class="MuiBox-root css-6duatm"
      >
        Add new owner
        <a
          class="MuiBox-root css-1qif583"
          href="https://explorer.stacks.co/txid/0x1234?chain=mainnet"
          rel="noreferrer"
          target="_blank"
        >
          <svg
            aria-hidden="true"
            class="MuiSvgIcon-root MuiSvgIcon-fontSizeMedium css-1ej1pre-MuiSvgIcon-root"
            data-testid="OpenInNewIcon"
            focusable="false"
            viewBox="0 0 24 24"
          >
            <path
              d="M19 19H5V5h7V3H5c-1.11 0-2 .9-2 2v14c0 1.1.89 2 2 2h14c1.1 0 2-.9 2-2v-7h-2v7zM14 3v2h3.59l-9.83 9.83 1.41 1.41L19 6.41V10h2V3h-7z"
            />
          </svg>
        </a>
      </div>
      <div
        class="MuiBox-root css-6duatm"
      >
        Remove owner
        <a
          class="MuiBox-root css-1qif583"
          href="https://explorer.stacks.co/txid/0x1234?chain=mainnet"
          rel="noreferrer"
          target="_blank"
        >
          <svg
            aria-hidden="true"
            class="MuiSvgIcon-root MuiSvgIcon-fontSizeMedium css-1ej1pre-MuiSvgIcon-root"
            data-testid="OpenInNewIcon"
            focusable="false"
            viewBox="0 0 24 24"
          >
            <path
              d="M19 19H5V5h7V3H5c-1.11 0-2 .9-2 2v14c0 1.1.89 2 2 2h14c1.1 0 2-.9 2-2v-7h-2v7zM14 3v2h3.59l-9.83 9.83 1.41 1.41L19 6.41V10h2V3h-7z"
            />
          </svg>
        </a>
      </div>
      <div
        class="MuiBox-root css-6duatm"
      >
        Update confirmation threshold
        <a
          class="MuiBox-root css-1qif583"
          href="https://explorer.stacks.co/txid/0x1234?chain=mainnet"
          rel="noreferrer"
          target="_blank"
        >
          <svg
            aria-hidden="true"
            class="MuiSvgIcon-root MuiSvgIcon-fontSizeMedium css-1ej1pre-MuiSvgIcon-root"
            data-testid="OpenInNewIcon"
            focusable="false"
            viewBox="0 0 24 24"
          >
            <path
              d="M19 19H5V5h7V3H5c-1.11 0-2 .9-2 2v14c0 1.1.89 2 2 2h14c1.1 0 2-.9 2-2v-7h-2v7zM14 3v2h3.59l-9.83 9.83 1.41 1.41L19 6.41V10h2V3h-7z"
            />
          </svg>
        </a>
      </div>
      <div
        class="MuiBox-root css-6duatm"
      >
        Transfer STX
        <a
          class="MuiBox-root css-1qif583"
          href="https://explorer.stacks.co/txid/0x1234?chain=mainnet"
          rel="noreferrer"
          target="_blank"
        >
          <svg
            aria-hidden="true"
            class="MuiSvgIcon-root MuiSvgIcon-fontSizeMedium css-1ej1pre-MuiSvgIcon-root"
            data-testid="OpenInNewIcon"
            focusable="false"
            viewBox="0 0 24 24"
          >
            <path
              d="M19 19H5V5h7V3H5c-1.11 0-2 .9-2 2v14c0 1.1.89 2 2 2h14c1.1 0 2-.9 2-2v-7h-2v7zM14 3v2h3.59l-9.83 9.83 1.41 1.41L19 6.41V10h2V3h-7z"
            />
          </svg>
        </a>
      </div>
      <div
        class="MuiBox-root css-6duatm"
      >
        Transfer NFT
        <a
          class="MuiBox-root css-1qif583"
          href="https://explorer.stacks.co/txid/0x1234?chain=mainnet"
          rel="noreferrer"
          target="_blank"
        >
          <svg
            aria-hidden="true"
            class="MuiSvgIcon-root MuiSvgIcon-fontSizeMedium css-1ej1pre-MuiSvgIcon-root"
            data-testid="OpenInNewIcon"
            focusable="false"
            viewBox="0 0 24 24"
          >
            <path
              d="M19 19H5V5h7V3H5c-1.11 0-2 .9-2 2v14c0 1.1.89 2 2 2h14c1.1 0 2-.9 2-2v-7h-2v7zM14 3v2h3.59l-9.83 9.83 1.41 1.41L19 6.41V10h2V3h-7z"
            />
          </svg>
        </a>
      </div>
      <div
        class="MuiBox-root css-dnfslh"
      >
        Transfer Token
        <a
          class="MuiBox-root css-1qif583"
          href="https://explorer.stacks.co/txid/0x1234?chain=mainnet"
          rel="noreferrer"
          target="_blank"
        >
          <svg
            aria-hidden="true"
            class="MuiSvgIcon-root MuiSvgIcon-fontSizeMedium css-1ej1pre-MuiSvgIcon-root"
            data-testid="OpenInNewIcon"
            focusable="false"
            viewBox="0 0 24 24"
          >
            <path
              d="M19 19H5V5h7V3H5c-1.11 0-2 .9-2 2v14c0 1.1.89 2 2 2h14c1.1 0 2-.9 2-2v-7h-2v7zM14 3v2h3.59l-9.83 9.83 1.41 1.41L19 6.41V10h2V3h-7z"
            />
          </svg>
        </a>
      </div>
    </div>
    <div
      class="MuiBox-root css-myus08"
    >
      <span
        class="MuiCircularProgress-root MuiCircularProgress-indeterminate MuiCircularProgress-colorInfo css-70i0z8-MuiCircularProgress-root"
        role="progressbar"
        style="width: 16px; height: 16px;"
      >
        <svg
          class="MuiCircularProgress-svg css-1idz92c-MuiCircularProgress-svg"
          viewBox="22 22 44 44"
        >
          <circle
            class="MuiCircularProgress-circle MuiCircularProgress-circleIndeterminate css-176wh8e-MuiCircularProgress-circle"
            cx="44"
            cy="44"
            fill="none"
            r="20.2"
            stroke-width="3.6"
          />
        </svg>
      </span>
       
      8 pending blockchain response
    </div>
  </div>
</div>
`;
