// Jest Snapshot v1, https://goo.gl/fbAQLP

exports[`1 Default render 1`] = `
<div>
  <div
    class="MuiBox-root css-hoayk1"
  >
    <div
      class="MuiBox-root css-azxdeb"
    >
      <div
        class="MuiBox-root css-1qmgq4"
      >
        <div
          class="MuiBox-root css-wxdvxx"
        >
          <img
            alt="Logo"
            src="/logo.png"
          />
        </div>
        <div
          class="MuiBox-root css-1dx8jfp"
        >
          MultiSafe
        </div>
      </div>
    </div>
    <div
      class="flex-grow MuiBox-root css-0"
    />
    <div
      class="MuiBox-root css-ls0mhy"
    >
      <div
        class="MuiBox-root css-7lmw8c"
      >
        <div
          class="MuiBox-root css-198xhax"
        >
          <svg
            aria-hidden="true"
            class="MuiSvgIcon-root MuiSvgIcon-fontSizeMedium css-18wkfow-MuiSvgIcon-root"
            data-testid="AccountBalanceWalletIcon"
            focusable="false"
            viewBox="0 0 24 24"
          >
            <path
              d="M21 18v1c0 1.1-.9 2-2 2H5c-1.11 0-2-.9-2-2V5c0-1.1.89-2 2-2h14c1.1 0 2 .9 2 2v1h-9c-1.11 0-2 .9-2 2v8c0 1.1.89 2 2 2h9zm-9-2h10V8H12v8zm4-2.5c-.83 0-1.5-.67-1.5-1.5s.67-1.5 1.5-1.5 1.5.67 1.5 1.5-.67 1.5-1.5 1.5z"
            />
          </svg>
          <div
            class="MuiBox-root css-x1k79c"
          >
            <span
              class="first-line"
            >
              Not connected
            </span>
            <span
              class="second-line"
            >
              Connect Wallet
            </span>
          </div>
        </div>
      </div>
      <div
        class="MuiBox-root css-1n1j97o"
      >
        <div
          class="MuiBox-root css-1sfu4nm"
        >
          <div
            class="MuiButtonBase-root MuiChip-root MuiChip-filled MuiChip-sizeMedium MuiChip-colorPrimary MuiChip-clickable MuiChip-clickableColorPrimary MuiChip-filledPrimary css-8w4ikn-MuiButtonBase-root-MuiChip-root"
            role="button"
            tabindex="0"
          >
            <span
              class="MuiChip-label MuiChip-labelMedium css-6od3lo-MuiChip-label"
            >
              mainnet
            </span>
            <span
              class="MuiTouchRipple-root css-8je8zh-MuiTouchRipple-root"
            />
          </div>
        </div>
      </div>
      <div
        class="MuiBox-root css-1qoaa23"
      >
        <button
          class="MuiButtonBase-root MuiIconButton-root MuiIconButton-sizeMedium css-78trlr-MuiButtonBase-root-MuiIconButton-root"
          tabindex="0"
          type="button"
        >
          <svg
            aria-hidden="true"
            class="MuiSvgIcon-root MuiSvgIcon-fontSizeMedium css-i4bv87-MuiSvgIcon-root"
            data-testid="DarkModeIcon"
            focusable="false"
            viewBox="0 0 24 24"
          >
            <path
              d="M12 3c-4.97 0-9 4.03-9 9s4.03 9 9 9 9-4.03 9-9c0-.46-.04-.92-.1-1.36-.98 1.37-2.58 2.26-4.4 2.26-2.98 0-5.4-2.42-5.4-5.4 0-1.81.89-3.42 2.26-4.4-.44-.06-.9-.1-1.36-.1z"
            />
          </svg>
          <span
            class="MuiTouchRipple-root css-8je8zh-MuiTouchRipple-root"
          />
        </button>
      </div>
    </div>
  </div>
</div>
`;
